ASxxxx Linker V03.00 + NoICE + sdld,  page 1.
Hexadecimal  [32-Bits]

Area                                    Addr        Size        Decimal Bytes (Attributes)
--------------------------------        ----        ----        ------- ----- ------------
.  .ABS.                            00000000    00000000 =           0. bytes (ABS,CON)

      Value  Global                              Global Defined In Module
      -----  --------------------------------   ------------------------
     00000000  .__.ABS.                           cpct_video
     00000000  l__CABS                         
     00000000  l__DABS                         
     00000000  l__DATA                         
     00000000  l__GSFINAL                      
     00000000  l__GSINIT                       
     00000000  l__HOME                         
     00000000  l__INITIALIZED                  
     00000000  l__INITIALIZER                  
     00000000  s__CABS                         
     00000000  s__DABS                         
     00000003  max_entities                       cpct_keyboard
     00000543  l__CODE                         
     00004000  s__CODE                         
     00004543  s__DATA                         
     00004543  s__GSFINAL                      
     00004543  s__GSINIT                       
     00004543  s__HOME                         
     00004543  s__INITIALIZED                  
     00004543  s__INITIALIZER                  

ASxxxx Linker V03.00 + NoICE + sdld,  page 2.
Hexadecimal  [32-Bits]

Area                                    Addr        Size        Decimal Bytes (Attributes)
--------------------------------        ----        ----        ------- ----- ------------
_CODE                               00004000    00000543 =        1347. bytes (REL,CON)

      Value  Global                              Global Defined In Module
      -----  --------------------------------   ------------------------
     00004000  _sp_sword                          sword
     00004080  _sp_redball                        redball
     00004100  _sp_mainchar                       mainchar
     00004180  _pal_main                          pal_main
     00004190  __pal_main                         _pal_main
     000041A0  _main                              cpct_keyboard
     000041B1  sys_input_init                     cpct_keyboard
     000041B2  sys_input_update                   cpct_keyboard
     000041EE  sys_physics_init                   cpct_keyboard
     000041EF  sys_physics_update                 cpct_keyboard
     00004231  sys_eren_init                      cpct_keyboard
     00004246  sys_eren_update                    cpct_keyboard
     0000424A  sys_eren_render_entities           cpct_keyboard
     000042AA  man_entity_getArray                cpct_keyboard
     000042B2  man_entity_init                    cpct_keyboard
     000042BD  man_entity_new                     cpct_keyboard
     000042CE  man_entity_create                  cpct_keyboard
     000042F8  man_game_init                      cpct_keyboard
     00004317  man_game_update                    cpct_keyboard
     00004324  man_game_render                    cpct_keyboard
     0000432B  _cpct_scanKeyboard_f               cpct_keyboard
     0000432B  cpct_scanKeyboard_f_asm            cpct_keyboard
     00004395  cpct_setPalette_asm                cpct_video
     000043A8  _cpct_isKeyPressed                 cpct_keyboard
     000043A8  cpct_isKeyPressed_asm              cpct_keyboard
     000043B4  cpct_setPALColour_asm              cpct_video
     000043BE  cpct_drawSprite_asm                cpct_sprites
     0000445E  _cpct_keyboardStatusBuffer         cpct_keyboard
     00004468  _cpct_waitVSYNC                    cpct_video
     00004468  cpct_waitVSYNC_asm                 cpct_video
     00004470  cpct_setVideoMode_asm              cpct_video
     0000447D  _cpct_disableFirmware              cpct_firmware
     0000447D  _cpct_removeInterruptHandler       cpct_firmware
     0000447D  cpct_disableFirmware_asm           cpct_firmware
     0000447D  cpct_removeInterruptHandler_asm    cpct_firmware
     0000448D  cpct_drawSolidBox_asm              cpct_sprites
     00004530  _cpct_mode_rom_status              cpct_firmware
     00004531  cpct_getScreenPtr_asm              cpct_video

ASxxxx Linker V03.00 + NoICE + sdld,  page 3.

Files Linked                              [ module(s) ]

obj/assets/sprites/sword.rel              [ sword ]
obj/assets/sprites/redball.rel            [ redball ]
obj/assets/sprites/mainchar.rel           [ mainchar ]
obj/assets/sprites/pal_main.rel           [ pal_main ]
obj/assets/sprites/_pal_main.rel          [ _pal_main ]
obj/cpct_functions.h.rel                  [  ]
obj/main.rel                              [ cpct_keyboard ]
obj/sys/input.h.rel                       [  ]
obj/sys/input.rel                         [ cpct_keyboard ]
obj/sys/physics.h.rel                     [  ]
obj/sys/physics.rel                       [ cpct_keyboard ]
obj/sys/render.h.rel                      [  ]
obj/sys/render.rel                        [ cpct_keyboard ]
obj/assets/assets.h.rel                   [  ]
obj/cmp/array_structure.h.rel             [  ]
obj/cmp/entity.h.rel                      [  ]
obj/man/entity.h.rel                      [  ]
obj/man/entity.rel                        [ cpct_keyboard ]
obj/man/game.h.rel                        [  ]
obj/man/game.rel                          [ cpct_keyboard ]


Libraries Linked                          [ object file ]

/home/cpc/cpctelera/cpctelera/cpctelera.lib
                                          [ cpct_scanKeyboard_f.rel ]
/home/cpc/cpctelera/cpctelera/cpctelera.lib
                                          [ cpct_setPalette_asmbindings.rel ]
/home/cpc/cpctelera/cpctelera/cpctelera.lib
                                          [ cpct_isKeyPressed.rel ]
/home/cpc/cpctelera/cpctelera/cpctelera.lib
                                          [ cpct_setPALColour_asmbindings.re ]
/home/cpc/cpctelera/cpctelera/cpctelera.lib
                                          [ cpct_drawSprite_asmbindings.rel ]
/home/cpc/cpctelera/cpctelera/cpctelera.lib
                                          [ keyboard.rel ]
/home/cpc/cpctelera/cpctelera/cpctelera.lib
                                          [ cpct_waitVSYNC.rel ]
/home/cpc/cpctelera/cpctelera/cpctelera.lib
                                          [ cpct_setVideoMode_asmbindings.re ]
/home/cpc/cpctelera/cpctelera/cpctelera.lib
                                          [ cpct_removeInterruptHandler.rel ]
/home/cpc/cpctelera/cpctelera/cpctelera.lib
                                          [ cpct_drawSolidBox_asmbindings.re ]
/home/cpc/cpctelera/cpctelera/cpctelera.lib
                                          [ cpc_mode_rom_status.rel ]
/home/cpc/cpctelera/cpctelera/cpctelera.lib
                                          [ cpct_getScreenPtr_asmbindings.re ]

ASxxxx Linker V03.00 + NoICE + sdld,  page 4.

User Base Address Definitions

_CODE = 0x4000
_DATA = 0x0000

