ASxxxx Linker V03.00 + NoICE + sdld,  page 1.
Hexadecimal  [32-Bits]

Area                                    Addr        Size        Decimal Bytes (Attributes)
--------------------------------        ----        ----        ------- ----- ------------
.  .ABS.                            00000000    00000000 =           0. bytes (ABS,CON)

      Value  Global                              Global Defined In Module
      -----  --------------------------------   ------------------------
     00000000  .__.ABS.                           cpct_firmware
     00000000  l__DATA                         
     00000003  max_entities                       
     00000152  l__CODE                         
     00004000  s__CODE                         
     00004152  s__DATA                         
ASxxxx Linker V03.00 + NoICE + sdld,  page 2.
Hexadecimal  [32-Bits]

Area                                    Addr        Size        Decimal Bytes (Attributes)
--------------------------------        ----        ----        ------- ----- ------------
_CODE                               00004000    00000152 =         338. bytes (REL,CON)

      Value  Global                              Global Defined In Module
      -----  --------------------------------   ------------------------
     00004000  player                             cpct_keyboard
     00004007  enemy                              cpct_keyboard
     0000400E  _main                              cpct_keyboard
     0000402B  sys_render_init                    
     0000402C  sys_render_update                  
     00004050  _num_entities                      
     00004051  _last_elem_ptr                     
     00004053  _entity_array                      
     00004068  man_entity_getEntityArray_IX       
     0000406D  man_entity_getNumEntities_A        
     00004071  man_entity_create                  
     0000408C  _cpct_disableFirmware              cpct_firmware
     0000408C  _cpct_removeInterruptHandler       cpct_firmware
     0000408C  cpct_disableFirmware_asm           cpct_firmware
     0000408C  cpct_removeInterruptHandler_asm    cpct_firmware
     0000409C  cpct_drawSolidBox_asm              cpct_sprites
     0000413F  cpct_getScreenPtr_asm              cpct_video
     00004151  _cpct_mode_rom_status              cpct_firmware
ASxxxx Linker V03.00 + NoICE + sdld,  page 3.

Files Linked                              [ module(s) ]

obj/cpct_functions.h.rel                  [  ]
obj/main.rel                              [ cpct_keyboard ]
obj/sys/render.h.rel                      [  ]
obj/sys/render.rel                        [  ]
obj/man/entity.h.rel                      [  ]
obj/man/entity.rel                        [  ]


Libraries Linked                          [ object file ]

/home/cpc/cpctelera/cpctelera/cpctelera.lib
                                          [ cpct_removeInterruptHandler.rel ]
/home/cpc/cpctelera/cpctelera/cpctelera.lib
                                          [ cpct_drawSolidBox_asmbindings.re ]
/home/cpc/cpctelera/cpctelera/cpctelera.lib
                                          [ cpct_getScreenPtr_asmbindings.re ]
/home/cpc/cpctelera/cpctelera/cpctelera.lib
                                          [ cpc_mode_rom_status.rel ]

ASxxxx Linker V03.00 + NoICE + sdld,  page 4.

User Base Address Definitions

_CODE = 0x4000
_DATA = 0x0000

